Using launch settings from D:\thanhBinh\datn\Properties\launchSettings.json...
warn: Microsoft.EntityFrameworkCore.Model.Validation[10622]
      Entity 'Class' has a global query filter defined and is the required end of a relationship with the entity 'Assignment'. This may lead to unexpected results when the required entity is filtered out. Either configure the navigation as optional, or define matching query filters for both entities in the navigation. See https://go.microsoft.com/fwlink/?linkid=2131316 for more information.
warn: Microsoft.EntityFrameworkCore.Model.Validation[10622]
      Entity 'Student' has a global query filter defined and is the required end of a relationship with the entity 'Attendance'. This may lead to unexpected results when the required entity is filtered out. Either configure the navigation as optional, or define matching query filters for both entities in the navigation. See https://go.microsoft.com/fwlink/?linkid=2131316 for more information.
warn: Microsoft.EntityFrameworkCore.Model.Validation[10622]
      Entity 'Activity' has a global query filter defined and is the required end of a relationship with the entity 'ClassActivity'. This may lead to unexpected results when the required entity is filtered out. Either configure the navigation as optional, or define matching query filters for both entities in the navigation. See https://go.microsoft.com/fwlink/?linkid=2131316 for more information.
warn: Microsoft.EntityFrameworkCore.Model.Validation[10622]
      Entity 'Employee' has a global query filter defined and is the required end of a relationship with the entity 'ClassCoverageBonus'. This may lead to unexpected results when the required entity is filtered out. Either configure the navigation as optional, or define matching query filters for both entities in the navigation. See https://go.microsoft.com/fwlink/?linkid=2131316 for more information.
warn: Microsoft.EntityFrameworkCore.Model.Validation[10622]
      Entity 'Student' has a global query filter defined and is the required end of a relationship with the entity 'DailyReport'. This may lead to unexpected results when the required entity is filtered out. Either configure the navigation as optional, or define matching query filters for both entities in the navigation. See https://go.microsoft.com/fwlink/?linkid=2131316 for more information.
warn: Microsoft.EntityFrameworkCore.Model.Validation[10622]
      Entity 'Employee' has a global query filter defined and is the required end of a relationship with the entity 'EmployeeLeaveRequest'. This may lead to unexpected results when the required entity is filtered out. Either configure the navigation as optional, or define matching query filters for both entities in the navigation. See https://go.microsoft.com/fwlink/?linkid=2131316 for more information.
warn: Microsoft.EntityFrameworkCore.Model.Validation[10622]
      Entity 'Student' has a global query filter defined and is the required end of a relationship with the entity 'HealthRecord'. This may lead to unexpected results when the required entity is filtered out. Either configure the navigation as optional, or define matching query filters for both entities in the navigation. See https://go.microsoft.com/fwlink/?linkid=2131316 for more information.
warn: Microsoft.EntityFrameworkCore.Model.Validation[10622]
      Entity 'Parent' has a global query filter defined and is the required end of a relationship with the entity 'ParentStudent'. This may lead to unexpected results when the required entity is filtered out. Either configure the navigation as optional, or define matching query filters for both entities in the navigation. See https://go.microsoft.com/fwlink/?linkid=2131316 for more information.
warn: Microsoft.EntityFrameworkCore.Model.Validation[10622]
      Entity 'Account' has a global query filter defined and is the required end of a relationship with the entity 'RefreshToken'. This may lead to unexpected results when the required entity is filtered out. Either configure the navigation as optional, or define matching query filters for both entities in the navigation. See https://go.microsoft.com/fwlink/?linkid=2131316 for more information.
warn: Microsoft.EntityFrameworkCore.Model.Validation[10622]
      Entity 'Employee' has a global query filter defined and is the required end of a relationship with the entity 'Salary'. This may lead to unexpected results when the required entity is filtered out. Either configure the navigation as optional, or define matching query filters for both entities in the navigation. See https://go.microsoft.com/fwlink/?linkid=2131316 for more information.
warn: Microsoft.EntityFrameworkCore.Model.Validation[10622]
      Entity 'Activity' has a global query filter defined and is the required end of a relationship with the entity 'StudentActivity'. This may lead to unexpected results when the required entity is filtered out. Either configure the navigation as optional, or define matching query filters for both entities in the navigation. See https://go.microsoft.com/fwlink/?linkid=2131316 for more information.
warn: Microsoft.EntityFrameworkCore.Model.Validation[10622]
      Entity 'FeeItem' has a global query filter defined and is the required end of a relationship with the entity 'StudentFeeConfig'. This may lead to unexpected results when the required entity is filtered out. Either configure the navigation as optional, or define matching query filters for both entities in the navigation. See https://go.microsoft.com/fwlink/?linkid=2131316 for more information.
warn: Microsoft.EntityFrameworkCore.Model.Validation[10622]
      Entity 'Student' has a global query filter defined and is the required end of a relationship with the entity 'StudyReport'. This may lead to unexpected results when the required entity is filtered out. Either configure the navigation as optional, or define matching query filters for both entities in the navigation. See https://go.microsoft.com/fwlink/?linkid=2131316 for more information.
warn: Microsoft.EntityFrameworkCore.Model.Validation[10622]
      Entity 'ClassSchedule' has a global query filter defined and is the required end of a relationship with the entity 'Substitution'. This may lead to unexpected results when the required entity is filtered out. Either configure the navigation as optional, or define matching query filters for both entities in the navigation. See https://go.microsoft.com/fwlink/?linkid=2131316 for more information.
warn: Microsoft.EntityFrameworkCore.Model.Validation[10622]
      Entity 'Employee' has a global query filter defined and is the required end of a relationship with the entity 'WorkAttendance'. This may lead to unexpected results when the required entity is filtered out. Either configure the navigation as optional, or define matching query filters for both entities in the navigation. See https://go.microsoft.com/fwlink/?linkid=2131316 for more information.
warn: Microsoft.EntityFrameworkCore.Model.Validation[30000]
      No store type was specified for the decimal property 'Amount' on entity type 'ClassCoverageBonus'. This will cause values to be silently truncated if they do not fit in the default precision and scale. Explicitly specify the SQL server column type that can accommodate all the values in 'OnModelCreating' using 'HasColumnType', specify precision and scale using 'HasPrecision', or configure a value converter using 'HasConversion'.
warn: Microsoft.EntityFrameworkCore.Model.Validation[30000]
      No store type was specified for the decimal property 'BaseSalary' on entity type 'Employee'. This will cause values to be silently truncated if they do not fit in the default precision and scale. Explicitly specify the SQL server column type that can accommodate all the values in 'OnModelCreating' using 'HasColumnType', specify precision and scale using 'HasPrecision', or configure a value converter using 'HasConversion'.
warn: Microsoft.EntityFrameworkCore.Model.Validation[30000]
      No store type was specified for the decimal property 'DefaultAmount' on entity type 'FeeItem'. This will cause values to be silently truncated if they do not fit in the default precision and scale. Explicitly specify the SQL server column type that can accommodate all the values in 'OnModelCreating' using 'HasColumnType', specify precision and scale using 'HasPrecision', or configure a value converter using 'HasConversion'.
warn: Microsoft.EntityFrameworkCore.Model.Validation[30000]
      No store type was specified for the decimal property 'Height' on entity type 'HealthRecord'. This will cause values to be silently truncated if they do not fit in the default precision and scale. Explicitly specify the SQL server column type that can accommodate all the values in 'OnModelCreating' using 'HasColumnType', specify precision and scale using 'HasPrecision', or configure a value converter using 'HasConversion'.
warn: Microsoft.EntityFrameworkCore.Model.Validation[30000]
      No store type was specified for the decimal property 'Temperature' on entity type 'HealthRecord'. This will cause values to be silently truncated if they do not fit in the default precision and scale. Explicitly specify the SQL server column type that can accommodate all the values in 'OnModelCreating' using 'HasColumnType', specify precision and scale using 'HasPrecision', or configure a value converter using 'HasConversion'.
warn: Microsoft.EntityFrameworkCore.Model.Validation[30000]
      No store type was specified for the decimal property 'Weight' on entity type 'HealthRecord'. This will cause values to be silently truncated if they do not fit in the default precision and scale. Explicitly specify the SQL server column type that can accommodate all the values in 'OnModelCreating' using 'HasColumnType', specify precision and scale using 'HasPrecision', or configure a value converter using 'HasConversion'.
warn: Microsoft.EntityFrameworkCore.Model.Validation[30000]
      No store type was specified for the decimal property 'SalaryAmount' on entity type 'Salary'. This will cause values to be silently truncated if they do not fit in the default precision and scale. Explicitly specify the SQL server column type that can accommodate all the values in 'OnModelCreating' using 'HasColumnType', specify precision and scale using 'HasPrecision', or configure a value converter using 'HasConversion'.
warn: Microsoft.EntityFrameworkCore.Model.Validation[30000]
      No store type was specified for the decimal property 'WorkingDays' on entity type 'Salary'. This will cause values to be silently truncated if they do not fit in the default precision and scale. Explicitly specify the SQL server column type that can accommodate all the values in 'OnModelCreating' using 'HasColumnType', specify precision and scale using 'HasPrecision', or configure a value converter using 'HasConversion'.
warn: Microsoft.EntityFrameworkCore.Model.Validation[30000]
      No store type was specified for the decimal property 'CustomAmount' on entity type 'StudentFeeConfig'. This will cause values to be silently truncated if they do not fit in the default precision and scale. Explicitly specify the SQL server column type that can accommodate all the values in 'OnModelCreating' using 'HasColumnType', specify precision and scale using 'HasPrecision', or configure a value converter using 'HasConversion'.
warn: Microsoft.EntityFrameworkCore.Model.Validation[30000]
      No store type was specified for the decimal property 'DiscountAmount' on entity type 'StudentFeeConfig'. This will cause values to be silently truncated if they do not fit in the default precision and scale. Explicitly specify the SQL server column type that can accommodate all the values in 'OnModelCreating' using 'HasColumnType', specify precision and scale using 'HasPrecision', or configure a value converter using 'HasConversion'.
warn: Microsoft.EntityFrameworkCore.Model.Validation[30000]
      No store type was specified for the decimal property 'DiscountPercentage' on entity type 'StudentFeeConfig'. This will cause values to be silently truncated if they do not fit in the default precision and scale. Explicitly specify the SQL server column type that can accommodate all the values in 'OnModelCreating' using 'HasColumnType', specify precision and scale using 'HasPrecision', or configure a value converter using 'HasConversion'.
warn: Microsoft.EntityFrameworkCore.Model.Validation[30000]
      No store type was specified for the decimal property 'FeeAmount' on entity type 'Subject'. This will cause values to be silently truncated if they do not fit in the default precision and scale. Explicitly specify the SQL server column type that can accommodate all the values in 'OnModelCreating' using 'HasColumnType', specify precision and scale using 'HasPrecision', or configure a value converter using 'HasConversion'.
warn: Microsoft.EntityFrameworkCore.Model.Validation[30000]
      No store type was specified for the decimal property 'ExtraFee' on entity type 'Tuition'. This will cause values to be silently truncated if they do not fit in the default precision and scale. Explicitly specify the SQL server column type that can accommodate all the values in 'OnModelCreating' using 'HasColumnType', specify precision and scale using 'HasPrecision', or configure a value converter using 'HasConversion'.
warn: Microsoft.EntityFrameworkCore.Model.Validation[30000]
      No store type was specified for the decimal property 'Amount' on entity type 'TuitionDetail'. This will cause values to be silently truncated if they do not fit in the default precision and scale. Explicitly specify the SQL server column type that can accommodate all the values in 'OnModelCreating' using 'HasColumnType', specify precision and scale using 'HasPrecision', or configure a value converter using 'HasConversion'.
warn: Microsoft.EntityFrameworkCore.Model.Validation[30000]
      No store type was specified for the decimal property 'DiscountAmount' on entity type 'TuitionDetail'. This will cause values to be silently truncated if they do not fit in the default precision and scale. Explicitly specify the SQL server column type that can accommodate all the values in 'OnModelCreating' using 'HasColumnType', specify precision and scale using 'HasPrecision', or configure a value converter using 'HasConversion'.
warn: Microsoft.EntityFrameworkCore.Model.Validation[30000]
      No store type was specified for the decimal property 'TotalAmount' on entity type 'TuitionDetail'. This will cause values to be silently truncated if they do not fit in the default precision and scale. Explicitly specify the SQL server column type that can accommodate all the values in 'OnModelCreating' using 'HasColumnType', specify precision and scale using 'HasPrecision', or configure a value converter using 'HasConversion'.
warn: Microsoft.EntityFrameworkCore.Model.Validation[30000]
      No store type was specified for the decimal property 'PenaltyAmount' on entity type 'WorkAttendance'. This will cause values to be silently truncated if they do not fit in the default precision and scale. Explicitly specify the SQL server column type that can accommodate all the values in 'OnModelCreating' using 'HasColumnType', specify precision and scale using 'HasPrecision', or configure a value converter using 'HasConversion'.
warn: Microsoft.EntityFrameworkCore.Model.Validation[30000]
      No store type was specified for the decimal property 'WorkUnit' on entity type 'WorkAttendance'. This will cause values to be silently truncated if they do not fit in the default precision and scale. Explicitly specify the SQL server column type that can accommodate all the values in 'OnModelCreating' using 'HasColumnType', specify precision and scale using 'HasPrecision', or configure a value converter using 'HasConversion'.
info: Microsoft.EntityFrameworkCore.Database.Command[20101]
      Executed DbCommand (32ms) [Parameters=[], CommandType='Text', CommandTimeout='30']
      SELECT CASE
          WHEN EXISTS (
              SELECT 1
              FROM [Accounts] AS [a]
              WHERE [a].[IsActive] = CAST(1 AS bit) AND [a].[RoleId] = 1) THEN CAST(1 AS bit)
          ELSE CAST(0 AS bit)
      END
info: datn.Services.PayrollAutoCalculationService[0]
      Payroll Auto Calculation Service is starting.
info: datn.Services.PayrollAutoCalculationService[0]
      Calculating payroll for 5/2026
info: Microsoft.Hosting.Lifetime[14]
      Now listening on: http://localhost:5097
info: Microsoft.Hosting.Lifetime[0]
      Application started. Press Ctrl+C to shut down.
info: Microsoft.Hosting.Lifetime[0]
      Hosting environment: Development
info: Microsoft.Hosting.Lifetime[0]
      Content root path: D:\thanhBinh\datn
info: Microsoft.EntityFrameworkCore.Database.Command[20101]
      Executed DbCommand (71ms) [Parameters=[@month='?' (DbType = Int32), @year='?' (DbType = Int32)], CommandType='Text', CommandTimeout='30']
      SELECT TOP(1) [p].[Id], [p].[IsLocked], [p].[LockedAtUtc], [p].[Month], [p].[Year]
      FROM [PayrollPeriods] AS [p]
      WHERE [p].[Month] = @month AND [p].[Year] = @year
info: Microsoft.EntityFrameworkCore.Database.Command[20101]
      Executed DbCommand (68ms) [Parameters=[@cutoff='?' (DbType = DateTime2)], CommandType='Text', CommandTimeout='30']
      SELECT [r].[Id], [r].[AccountId], [r].[CreatedAt], [r].[ExpiresAt], [r].[IsRevoked], [r].[RevokedAtUtc], [r].[Token]
      FROM [RefreshTokens] AS [r]
      WHERE [r].[ExpiresAt] < GETUTCDATE() OR ([r].[IsRevoked] = CAST(1 AS bit) AND [r].[CreatedAt] < @cutoff)
[Audit] Detected change on RefreshToken - State: Deleted
[Audit] Detected change on RefreshToken - State: Deleted
[Audit] Detected change on RefreshToken - State: Deleted
[Audit] Detected change on RefreshToken - State: Deleted
[Audit] Detected change on RefreshToken - State: Deleted
[Audit] Detected change on RefreshToken - State: Deleted
info: Microsoft.EntityFrameworkCore.Database.Command[20101]
      Executed DbCommand (8ms) [Parameters=[@month='?' (DbType = Int32), @year='?' (DbType = Int32)], CommandType='Text', CommandTimeout='30']
      SELECT [e].[Id], [e].[AccountId], [e].[AvatarPath], [e].[BaseSalary], [e].[Bio], [e].[Experience], [e].[FirstName], [e].[Gender], [e].[IsActive], [e].[LastName], [e].[Philosophy], [e].[Phone], [e].[Qualifications], [e].[ShowOnLanding], [e].[SpecializedSubjects], [e].[Specialty], [e].[TeacherType], [a0].[Id], [a0].[CreatedAt], [a0].[Email], [a0].[IsActive], [a0].[PasswordHash], [a0].[PasswordResetToken], [a0].[PasswordSalt], [a0].[ResetTokenExpires], [a0].[RoleId], [a0].[UpdatedAt], [a0].[Username]
      FROM [Employees] AS [e]
      INNER JOIN (
          SELECT [a].[Id], [a].[CreatedAt], [a].[Email], [a].[IsActive], [a].[PasswordHash], [a].[PasswordResetToken], [a].[PasswordSalt], [a].[ResetTokenExpires], [a].[RoleId], [a].[UpdatedAt], [a].[Username]
          FROM [Accounts] AS [a]
          WHERE [a].[IsActive] = CAST(1 AS bit)
      ) AS [a0] ON [e].[AccountId] = [a0].[Id]
      INNER JOIN [Roles] AS [r] ON [a0].[RoleId] = [r].[Id]
      WHERE [e].[IsActive] = CAST(1 AS bit) AND [r].[Name] = N'Employee' AND ([a0].[IsActive] = CAST(1 AS bit) OR EXISTS (
          SELECT 1
          FROM [WorkAttendances] AS [w]
          WHERE [w].[EmployeeId] = [e].[Id] AND DATEPART(month, [w].[Date]) = @month AND DATEPART(year, [w].[Date]) = @year))
info: Microsoft.EntityFrameworkCore.Database.Command[20101]
      Executed DbCommand (2ms) [Parameters=[@employee_Id='?' (DbType = Int32), @8__locals1_month='?' (DbType = Int32), @8__locals1_year='?' (DbType = Int32)], CommandType='Text', CommandTimeout='30']
      SELECT [w].[EmployeeId], [w].[Date], [w].[CheckInAtUtc], [w].[CheckOutAtUtc], [w].[IsLate], [w].[Note], [w].[PenaltyAmount], [w].[ReviewNote], [w].[ReviewedAtUtc], [w].[ReviewedByEmployeeId], [w].[Status], [w].[WorkUnit], [w].[WorkedMinutes]
      FROM [WorkAttendances] AS [w]
      WHERE [w].[EmployeeId] = @employee_Id AND [w].[Status] = N'Approved' AND DATEPART(month, [w].[Date]) = @8__locals1_month AND DATEPART(year, [w].[Date]) = @8__locals1_year
info: Microsoft.EntityFrameworkCore.Database.Command[20101]
      Executed DbCommand (14ms) [Parameters=[@p0='?' (Size = 50), @p1='?' (DbType = DateTime2), @p2='?' (Size = 100), @p3='?' (Size = 100), @p4='?' (Size = 50), @p5='?' (Size = 4000), @p6='?' (Size = 4000), @p7='?' (Size = 4000), @p8='?' (Size = 100), @p9='?' (Size = 50), @p10='?' (DbType = DateTime2), @p11='?' (Size = 100), @p12='?' (Size = 100), @p13='?' (Size = 50), @p14='?' (Size = 4000), @p15='?' (Size = 4000), @p16='?' (Size = 4000), @p17='?' (Size = 100), @p18='?' (Size = 50), @p19='?' (DbType = DateTime2), @p20='?' (Size = 100), @p21='?' (Size = 100), @p22='?' (Size = 50), @p23='?' (Size = 4000), @p24='?' (Size = 4000), @p25='?' (Size = 4000), @p26='?' (Size = 100), @p27='?' (Size = 50), @p28='?' (DbType = DateTime2), @p29='?' (Size = 100), @p30='?' (Size = 100), @p31='?' (Size = 50), @p32='?' (Size = 4000), @p33='?' (Size = 4000), @p34='?' (Size = 4000), @p35='?' (Size = 100), @p36='?' (Size = 50), @p37='?' (DbType = DateTime2), @p38='?' (Size = 100), @p39='?' (Size = 100), @p40='?' (Size = 50), @p41='?' (Size = 4000), @p42='?' (Size = 4000), @p43='?' (Size = 4000), @p44='?' (Size = 100), @p45='?' (Size = 50), @p46='?' (DbType = DateTime2), @p47='?' (Size = 100), @p48='?' (Size = 100), @p49='?' (Size = 50), @p50='?' (Size = 4000), @p51='?' (Size = 4000), @p52='?' (Size = 4000), @p53='?' (Size = 100), @p54='?' (DbType = Int32), @p55='?' (DbType = Int32), @p56='?' (DbType = Int32), @p57='?' (DbType = Int32), @p58='?' (DbType = Int32), @p59='?' (DbType = Int32)], CommandType='Text', CommandTimeout='30']
      SET NOCOUNT ON;
      MERGE [AuditLogs] USING (
      VALUES (@p0, @p1, @p2, @p3, @p4, @p5, @p6, @p7, @p8, 0),
      (@p9, @p10, @p11, @p12, @p13, @p14, @p15, @p16, @p17, 1),
      (@p18, @p19, @p20, @p21, @p22, @p23, @p24, @p25, @p26, 2),
      (@p27, @p28, @p29, @p30, @p31, @p32, @p33, @p34, @p35, 3),
      (@p36, @p37, @p38, @p39, @p40, @p41, @p42, @p43, @p44, 4),
      (@p45, @p46, @p47, @p48, @p49, @p50, @p51, @p52, @p53, 5)) AS i ([Action], [CreatedAtUtc], [EntityId], [EntityName], [IpAddress], [NewValues], [OldValues], [UserId], [UserName], _Position) ON 1=0
      WHEN NOT MATCHED THEN
      INSERT ([Action], [CreatedAtUtc], [EntityId], [EntityName], [IpAddress], [NewValues], [OldValues], [UserId], [UserName])
      VALUES (i.[Action], i.[CreatedAtUtc], i.[EntityId], i.[EntityName], i.[IpAddress], i.[NewValues], i.[OldValues], i.[UserId], i.[UserName])
      OUTPUT INSERTED.[Id], i._Position;
      DELETE FROM [RefreshTokens]
      OUTPUT 1
      WHERE [Id] = @p54;
      DELETE FROM [RefreshTokens]
      OUTPUT 1
      WHERE [Id] = @p55;
      DELETE FROM [RefreshTokens]
      OUTPUT 1
      WHERE [Id] = @p56;
      DELETE FROM [RefreshTokens]
      OUTPUT 1
      WHERE [Id] = @p57;
      DELETE FROM [RefreshTokens]
      OUTPUT 1
      WHERE [Id] = @p58;
      DELETE FROM [RefreshTokens]
      OUTPUT 1
      WHERE [Id] = @p59;
info: Microsoft.EntityFrameworkCore.Database.Command[20101]
      Executed DbCommand (3ms) [Parameters=[@employee_Id='?' (DbType = Int32), @8__locals1_month='?' (DbType = Int32), @8__locals1_year='?' (DbType = Int32)], CommandType='Text', CommandTimeout='30']
      SELECT COALESCE(SUM([c].[Amount]), 0.0)
      FROM [ClassCoverageBonuses] AS [c]
      WHERE [c].[EmployeeId] = @employee_Id AND [c].[Status] = N'Active' AND DATEPART(month, [c].[Date]) = @8__locals1_month AND DATEPART(year, [c].[Date]) = @8__locals1_year
info: Microsoft.EntityFrameworkCore.Database.Command[20101]
      Executed DbCommand (0ms) [Parameters=[@employee_Id='?' (DbType = Int32), @8__locals1_month='?' (DbType = Int32), @8__locals1_year='?' (DbType = Int32)], CommandType='Text', CommandTimeout='30']
      SELECT [w].[EmployeeId], [w].[Date], [w].[CheckInAtUtc], [w].[CheckOutAtUtc], [w].[IsLate], [w].[Note], [w].[PenaltyAmount], [w].[ReviewNote], [w].[ReviewedAtUtc], [w].[ReviewedByEmployeeId], [w].[Status], [w].[WorkUnit], [w].[WorkedMinutes]
      FROM [WorkAttendances] AS [w]
      WHERE [w].[EmployeeId] = @employee_Id AND [w].[Status] = N'Approved' AND DATEPART(month, [w].[Date]) = @8__locals1_month AND DATEPART(year, [w].[Date]) = @8__locals1_year
info: Microsoft.EntityFrameworkCore.Database.Command[20101]
      Executed DbCommand (0ms) [Parameters=[@employee_Id='?' (DbType = Int32), @8__locals1_month='?' (DbType = Int32), @8__locals1_year='?' (DbType = Int32)], CommandType='Text', CommandTimeout='30']
      SELECT COALESCE(SUM([c].[Amount]), 0.0)
      FROM [ClassCoverageBonuses] AS [c]
      WHERE [c].[EmployeeId] = @employee_Id AND [c].[Status] = N'Active' AND DATEPART(month, [c].[Date]) = @8__locals1_month AND DATEPART(year, [c].[Date]) = @8__locals1_year
info: Microsoft.EntityFrameworkCore.Database.Command[20101]
      Executed DbCommand (0ms) [Parameters=[@employee_Id='?' (DbType = Int32), @8__locals1_month='?' (DbType = Int32), @8__locals1_year='?' (DbType = Int32)], CommandType='Text', CommandTimeout='30']
      SELECT [w].[EmployeeId], [w].[Date], [w].[CheckInAtUtc], [w].[CheckOutAtUtc], [w].[IsLate], [w].[Note], [w].[PenaltyAmount], [w].[ReviewNote], [w].[ReviewedAtUtc], [w].[ReviewedByEmployeeId], [w].[Status], [w].[WorkUnit], [w].[WorkedMinutes]
      FROM [WorkAttendances] AS [w]
      WHERE [w].[EmployeeId] = @employee_Id AND [w].[Status] = N'Approved' AND DATEPART(month, [w].[Date]) = @8__locals1_month AND DATEPART(year, [w].[Date]) = @8__locals1_year
info: Microsoft.EntityFrameworkCore.Database.Command[20101]
      Executed DbCommand (0ms) [Parameters=[@employee_Id='?' (DbType = Int32), @8__locals1_month='?' (DbType = Int32), @8__locals1_year='?' (DbType = Int32)], CommandType='Text', CommandTimeout='30']
      SELECT COALESCE(SUM([c].[Amount]), 0.0)
      FROM [ClassCoverageBonuses] AS [c]
      WHERE [c].[EmployeeId] = @employee_Id AND [c].[Status] = N'Active' AND DATEPART(month, [c].[Date]) = @8__locals1_month AND DATEPART(year, [c].[Date]) = @8__locals1_year
info: Microsoft.EntityFrameworkCore.Database.Command[20101]
      Executed DbCommand (0ms) [Parameters=[@employee_Id='?' (DbType = Int32), @8__locals1_month='?' (DbType = Int32), @8__locals1_year='?' (DbType = Int32)], CommandType='Text', CommandTimeout='30']
      SELECT [w].[EmployeeId], [w].[Date], [w].[CheckInAtUtc], [w].[CheckOutAtUtc], [w].[IsLate], [w].[Note], [w].[PenaltyAmount], [w].[ReviewNote], [w].[ReviewedAtUtc], [w].[ReviewedByEmployeeId], [w].[Status], [w].[WorkUnit], [w].[WorkedMinutes]
      FROM [WorkAttendances] AS [w]
      WHERE [w].[EmployeeId] = @employee_Id AND [w].[Status] = N'Approved' AND DATEPART(month, [w].[Date]) = @8__locals1_month AND DATEPART(year, [w].[Date]) = @8__locals1_year
info: Microsoft.EntityFrameworkCore.Database.Command[20101]
      Executed DbCommand (0ms) [Parameters=[@employee_Id='?' (DbType = Int32), @8__locals1_month='?' (DbType = Int32), @8__locals1_year='?' (DbType = Int32)], CommandType='Text', CommandTimeout='30']
      SELECT COALESCE(SUM([c].[Amount]), 0.0)
      FROM [ClassCoverageBonuses] AS [c]
      WHERE [c].[EmployeeId] = @employee_Id AND [c].[Status] = N'Active' AND DATEPART(month, [c].[Date]) = @8__locals1_month AND DATEPART(year, [c].[Date]) = @8__locals1_year
info: Microsoft.EntityFrameworkCore.Database.Command[20101]
      Executed DbCommand (0ms) [Parameters=[@employee_Id='?' (DbType = Int32), @8__locals1_month='?' (DbType = Int32), @8__locals1_year='?' (DbType = Int32)], CommandType='Text', CommandTimeout='30']
      SELECT [w].[EmployeeId], [w].[Date], [w].[CheckInAtUtc], [w].[CheckOutAtUtc], [w].[IsLate], [w].[Note], [w].[PenaltyAmount], [w].[ReviewNote], [w].[ReviewedAtUtc], [w].[ReviewedByEmployeeId], [w].[Status], [w].[WorkUnit], [w].[WorkedMinutes]
      FROM [WorkAttendances] AS [w]
      WHERE [w].[EmployeeId] = @employee_Id AND [w].[Status] = N'Approved' AND DATEPART(month, [w].[Date]) = @8__locals1_month AND DATEPART(year, [w].[Date]) = @8__locals1_year
info: Microsoft.EntityFrameworkCore.Database.Command[20101]
      Executed DbCommand (0ms) [Parameters=[@employee_Id='?' (DbType = Int32), @8__locals1_month='?' (DbType = Int32), @8__locals1_year='?' (DbType = Int32)], CommandType='Text', CommandTimeout='30']
      SELECT COALESCE(SUM([c].[Amount]), 0.0)
      FROM [ClassCoverageBonuses] AS [c]
      WHERE [c].[EmployeeId] = @employee_Id AND [c].[Status] = N'Active' AND DATEPART(month, [c].[Date]) = @8__locals1_month AND DATEPART(year, [c].[Date]) = @8__locals1_year
info: Microsoft.EntityFrameworkCore.Database.Command[20101]
      Executed DbCommand (0ms) [Parameters=[@employee_Id='?' (DbType = Int32), @8__locals1_month='?' (DbType = Int32), @8__locals1_year='?' (DbType = Int32)], CommandType='Text', CommandTimeout='30']
      SELECT [w].[EmployeeId], [w].[Date], [w].[CheckInAtUtc], [w].[CheckOutAtUtc], [w].[IsLate], [w].[Note], [w].[PenaltyAmount], [w].[ReviewNote], [w].[ReviewedAtUtc], [w].[ReviewedByEmployeeId], [w].[Status], [w].[WorkUnit], [w].[WorkedMinutes]
      FROM [WorkAttendances] AS [w]
      WHERE [w].[EmployeeId] = @employee_Id AND [w].[Status] = N'Approved' AND DATEPART(month, [w].[Date]) = @8__locals1_month AND DATEPART(year, [w].[Date]) = @8__locals1_year
info: Microsoft.EntityFrameworkCore.Database.Command[20101]
      Executed DbCommand (0ms) [Parameters=[@employee_Id='?' (DbType = Int32), @8__locals1_month='?' (DbType = Int32), @8__locals1_year='?' (DbType = Int32)], CommandType='Text', CommandTimeout='30']
      SELECT COALESCE(SUM([c].[Amount]), 0.0)
      FROM [ClassCoverageBonuses] AS [c]
      WHERE [c].[EmployeeId] = @employee_Id AND [c].[Status] = N'Active' AND DATEPART(month, [c].[Date]) = @8__locals1_month AND DATEPART(year, [c].[Date]) = @8__locals1_year
info: Microsoft.EntityFrameworkCore.Database.Command[20101]
      Executed DbCommand (0ms) [Parameters=[@employee_Id='?' (DbType = Int32), @8__locals1_month='?' (DbType = Int32), @8__locals1_year='?' (DbType = Int32)], CommandType='Text', CommandTimeout='30']
      SELECT [w].[EmployeeId], [w].[Date], [w].[CheckInAtUtc], [w].[CheckOutAtUtc], [w].[IsLate], [w].[Note], [w].[PenaltyAmount], [w].[ReviewNote], [w].[ReviewedAtUtc], [w].[ReviewedByEmployeeId], [w].[Status], [w].[WorkUnit], [w].[WorkedMinutes]
      FROM [WorkAttendances] AS [w]
      WHERE [w].[EmployeeId] = @employee_Id AND [w].[Status] = N'Approved' AND DATEPART(month, [w].[Date]) = @8__locals1_month AND DATEPART(year, [w].[Date]) = @8__locals1_year
info: Microsoft.EntityFrameworkCore.Database.Command[20101]
      Executed DbCommand (0ms) [Parameters=[@employee_Id='?' (DbType = Int32), @8__locals1_month='?' (DbType = Int32), @8__locals1_year='?' (DbType = Int32)], CommandType='Text', CommandTimeout='30']
      SELECT COALESCE(SUM([c].[Amount]), 0.0)
      FROM [ClassCoverageBonuses] AS [c]
      WHERE [c].[EmployeeId] = @employee_Id AND [c].[Status] = N'Active' AND DATEPART(month, [c].[Date]) = @8__locals1_month AND DATEPART(year, [c].[Date]) = @8__locals1_year
info: Microsoft.EntityFrameworkCore.Database.Command[20101]
      Executed DbCommand (0ms) [Parameters=[@employee_Id='?' (DbType = Int32), @8__locals1_month='?' (DbType = Int32), @8__locals1_year='?' (DbType = Int32)], CommandType='Text', CommandTimeout='30']
      SELECT [w].[EmployeeId], [w].[Date], [w].[CheckInAtUtc], [w].[CheckOutAtUtc], [w].[IsLate], [w].[Note], [w].[PenaltyAmount], [w].[ReviewNote], [w].[ReviewedAtUtc], [w].[ReviewedByEmployeeId], [w].[Status], [w].[WorkUnit], [w].[WorkedMinutes]
      FROM [WorkAttendances] AS [w]
      WHERE [w].[EmployeeId] = @employee_Id AND [w].[Status] = N'Approved' AND DATEPART(month, [w].[Date]) = @8__locals1_month AND DATEPART(year, [w].[Date]) = @8__locals1_year
info: Microsoft.EntityFrameworkCore.Database.Command[20101]
      Executed DbCommand (0ms) [Parameters=[@employee_Id='?' (DbType = Int32), @8__locals1_month='?' (DbType = Int32), @8__locals1_year='?' (DbType = Int32)], CommandType='Text', CommandTimeout='30']
      SELECT COALESCE(SUM([c].[Amount]), 0.0)
      FROM [ClassCoverageBonuses] AS [c]
      WHERE [c].[EmployeeId] = @employee_Id AND [c].[Status] = N'Active' AND DATEPART(month, [c].[Date]) = @8__locals1_month AND DATEPART(year, [c].[Date]) = @8__locals1_year
info: Microsoft.EntityFrameworkCore.Database.Command[20101]
      Executed DbCommand (0ms) [Parameters=[@employee_Id='?' (DbType = Int32), @8__locals1_month='?' (DbType = Int32), @8__locals1_year='?' (DbType = Int32)], CommandType='Text', CommandTimeout='30']
      SELECT [w].[EmployeeId], [w].[Date], [w].[CheckInAtUtc], [w].[CheckOutAtUtc], [w].[IsLate], [w].[Note], [w].[PenaltyAmount], [w].[ReviewNote], [w].[ReviewedAtUtc], [w].[ReviewedByEmployeeId], [w].[Status], [w].[WorkUnit], [w].[WorkedMinutes]
      FROM [WorkAttendances] AS [w]
      WHERE [w].[EmployeeId] = @employee_Id AND [w].[Status] = N'Approved' AND DATEPART(month, [w].[Date]) = @8__locals1_month AND DATEPART(year, [w].[Date]) = @8__locals1_year
info: Microsoft.EntityFrameworkCore.Database.Command[20101]
      Executed DbCommand (0ms) [Parameters=[@employee_Id='?' (DbType = Int32), @8__locals1_month='?' (DbType = Int32), @8__locals1_year='?' (DbType = Int32)], CommandType='Text', CommandTimeout='30']
      SELECT COALESCE(SUM([c].[Amount]), 0.0)
      FROM [ClassCoverageBonuses] AS [c]
      WHERE [c].[EmployeeId] = @employee_Id AND [c].[Status] = N'Active' AND DATEPART(month, [c].[Date]) = @8__locals1_month AND DATEPART(year, [c].[Date]) = @8__locals1_year
info: Microsoft.EntityFrameworkCore.Database.Command[20101]
      Executed DbCommand (0ms) [Parameters=[@employee_Id='?' (DbType = Int32), @8__locals1_month='?' (DbType = Int32), @8__locals1_year='?' (DbType = Int32)], CommandType='Text', CommandTimeout='30']
      SELECT [w].[EmployeeId], [w].[Date], [w].[CheckInAtUtc], [w].[CheckOutAtUtc], [w].[IsLate], [w].[Note], [w].[PenaltyAmount], [w].[ReviewNote], [w].[ReviewedAtUtc], [w].[ReviewedByEmployeeId], [w].[Status], [w].[WorkUnit], [w].[WorkedMinutes]
      FROM [WorkAttendances] AS [w]
      WHERE [w].[EmployeeId] = @employee_Id AND [w].[Status] = N'Approved' AND DATEPART(month, [w].[Date]) = @8__locals1_month AND DATEPART(year, [w].[Date]) = @8__locals1_year
info: Microsoft.EntityFrameworkCore.Database.Command[20101]
      Executed DbCommand (0ms) [Parameters=[@employee_Id='?' (DbType = Int32), @8__locals1_month='?' (DbType = Int32), @8__locals1_year='?' (DbType = Int32)], CommandType='Text', CommandTimeout='30']
      SELECT COALESCE(SUM([c].[Amount]), 0.0)
      FROM [ClassCoverageBonuses] AS [c]
      WHERE [c].[EmployeeId] = @employee_Id AND [c].[Status] = N'Active' AND DATEPART(month, [c].[Date]) = @8__locals1_month AND DATEPART(year, [c].[Date]) = @8__locals1_year
info: Microsoft.EntityFrameworkCore.Database.Command[20101]
      Executed DbCommand (0ms) [Parameters=[@employee_Id='?' (DbType = Int32), @8__locals1_month='?' (DbType = Int32), @8__locals1_year='?' (DbType = Int32)], CommandType='Text', CommandTimeout='30']
      SELECT [w].[EmployeeId], [w].[Date], [w].[CheckInAtUtc], [w].[CheckOutAtUtc], [w].[IsLate], [w].[Note], [w].[PenaltyAmount], [w].[ReviewNote], [w].[ReviewedAtUtc], [w].[ReviewedByEmployeeId], [w].[Status], [w].[WorkUnit], [w].[WorkedMinutes]
      FROM [WorkAttendances] AS [w]
      WHERE [w].[EmployeeId] = @employee_Id AND [w].[Status] = N'Approved' AND DATEPART(month, [w].[Date]) = @8__locals1_month AND DATEPART(year, [w].[Date]) = @8__locals1_year
info: Microsoft.EntityFrameworkCore.Database.Command[20101]
      Executed DbCommand (0ms) [Parameters=[@employee_Id='?' (DbType = Int32), @8__locals1_month='?' (DbType = Int32), @8__locals1_year='?' (DbType = Int32)], CommandType='Text', CommandTimeout='30']
      SELECT COALESCE(SUM([c].[Amount]), 0.0)
      FROM [ClassCoverageBonuses] AS [c]
      WHERE [c].[EmployeeId] = @employee_Id AND [c].[Status] = N'Active' AND DATEPART(month, [c].[Date]) = @8__locals1_month AND DATEPART(year, [c].[Date]) = @8__locals1_year
info: datn.Services.PayrollAutoCalculationService[0]
      Successfully updated payroll for 5/2026
info: datn.Services.PayrollAutoCalculationService[0]
      Calculating payroll for 6/2026
info: Microsoft.EntityFrameworkCore.Database.Command[20101]
      Executed DbCommand (0ms) [Parameters=[@month='?' (DbType = Int32), @year='?' (DbType = Int32)], CommandType='Text', CommandTimeout='30']
      SELECT TOP(1) [p].[Id], [p].[IsLocked], [p].[LockedAtUtc], [p].[Month], [p].[Year]
      FROM [PayrollPeriods] AS [p]
      WHERE [p].[Month] = @month AND [p].[Year] = @year
info: Microsoft.EntityFrameworkCore.Database.Command[20101]
      Executed DbCommand (0ms) [Parameters=[@month='?' (DbType = Int32), @year='?' (DbType = Int32)], CommandType='Text', CommandTimeout='30']
      SELECT [e].[Id], [e].[AccountId], [e].[AvatarPath], [e].[BaseSalary], [e].[Bio], [e].[Experience], [e].[FirstName], [e].[Gender], [e].[IsActive], [e].[LastName], [e].[Philosophy], [e].[Phone], [e].[Qualifications], [e].[ShowOnLanding], [e].[SpecializedSubjects], [e].[Specialty], [e].[TeacherType], [a0].[Id], [a0].[CreatedAt], [a0].[Email], [a0].[IsActive], [a0].[PasswordHash], [a0].[PasswordResetToken], [a0].[PasswordSalt], [a0].[ResetTokenExpires], [a0].[RoleId], [a0].[UpdatedAt], [a0].[Username]
      FROM [Employees] AS [e]
      INNER JOIN (
          SELECT [a].[Id], [a].[CreatedAt], [a].[Email], [a].[IsActive], [a].[PasswordHash], [a].[PasswordResetToken], [a].[PasswordSalt], [a].[ResetTokenExpires], [a].[RoleId], [a].[UpdatedAt], [a].[Username]
          FROM [Accounts] AS [a]
          WHERE [a].[IsActive] = CAST(1 AS bit)
      ) AS [a0] ON [e].[AccountId] = [a0].[Id]
      INNER JOIN [Roles] AS [r] ON [a0].[RoleId] = [r].[Id]
      WHERE [e].[IsActive] = CAST(1 AS bit) AND [r].[Name] = N'Employee' AND ([a0].[IsActive] = CAST(1 AS bit) OR EXISTS (
          SELECT 1
          FROM [WorkAttendances] AS [w]
          WHERE [w].[EmployeeId] = [e].[Id] AND DATEPART(month, [w].[Date]) = @month AND DATEPART(year, [w].[Date]) = @year))
info: Microsoft.EntityFrameworkCore.Database.Command[20101]
      Executed DbCommand (0ms) [Parameters=[@employee_Id='?' (DbType = Int32), @8__locals1_month='?' (DbType = Int32), @8__locals1_year='?' (DbType = Int32)], CommandType='Text', CommandTimeout='30']
      SELECT [w].[EmployeeId], [w].[Date], [w].[CheckInAtUtc], [w].[CheckOutAtUtc], [w].[IsLate], [w].[Note], [w].[PenaltyAmount], [w].[ReviewNote], [w].[ReviewedAtUtc], [w].[ReviewedByEmployeeId], [w].[Status], [w].[WorkUnit], [w].[WorkedMinutes]
      FROM [WorkAttendances] AS [w]
      WHERE [w].[EmployeeId] = @employee_Id AND [w].[Status] = N'Approved' AND DATEPART(month, [w].[Date]) = @8__locals1_month AND DATEPART(year, [w].[Date]) = @8__locals1_year
info: Microsoft.EntityFrameworkCore.Database.Command[20101]
      Executed DbCommand (0ms) [Parameters=[@employee_Id='?' (DbType = Int32), @8__locals1_month='?' (DbType = Int32), @8__locals1_year='?' (DbType = Int32)], CommandType='Text', CommandTimeout='30']
      SELECT COALESCE(SUM([c].[Amount]), 0.0)
      FROM [ClassCoverageBonuses] AS [c]
      WHERE [c].[EmployeeId] = @employee_Id AND [c].[Status] = N'Active' AND DATEPART(month, [c].[Date]) = @8__locals1_month AND DATEPART(year, [c].[Date]) = @8__locals1_year
info: Microsoft.EntityFrameworkCore.Database.Command[20101]
      Executed DbCommand (0ms) [Parameters=[@employee_Id='?' (DbType = Int32), @8__locals1_month='?' (DbType = Int32), @8__locals1_year='?' (DbType = Int32)], CommandType='Text', CommandTimeout='30']
      SELECT [w].[EmployeeId], [w].[Date], [w].[CheckInAtUtc], [w].[CheckOutAtUtc], [w].[IsLate], [w].[Note], [w].[PenaltyAmount], [w].[ReviewNote], [w].[ReviewedAtUtc], [w].[ReviewedByEmployeeId], [w].[Status], [w].[WorkUnit], [w].[WorkedMinutes]
      FROM [WorkAttendances] AS [w]
      WHERE [w].[EmployeeId] = @employee_Id AND [w].[Status] = N'Approved' AND DATEPART(month, [w].[Date]) = @8__locals1_month AND DATEPART(year, [w].[Date]) = @8__locals1_year
info: Microsoft.EntityFrameworkCore.Database.Command[20101]
      Executed DbCommand (0ms) [Parameters=[@employee_Id='?' (DbType = Int32), @8__locals1_month='?' (DbType = Int32), @8__locals1_year='?' (DbType = Int32)], CommandType='Text', CommandTimeout='30']
      SELECT COALESCE(SUM([c].[Amount]), 0.0)
      FROM [ClassCoverageBonuses] AS [c]
      WHERE [c].[EmployeeId] = @employee_Id AND [c].[Status] = N'Active' AND DATEPART(month, [c].[Date]) = @8__locals1_month AND DATEPART(year, [c].[Date]) = @8__locals1_year
info: Microsoft.EntityFrameworkCore.Database.Command[20101]
      Executed DbCommand (0ms) [Parameters=[@employee_Id='?' (DbType = Int32), @8__locals1_month='?' (DbType = Int32), @8__locals1_year='?' (DbType = Int32)], CommandType='Text', CommandTimeout='30']
      SELECT [w].[EmployeeId], [w].[Date], [w].[CheckInAtUtc], [w].[CheckOutAtUtc], [w].[IsLate], [w].[Note], [w].[PenaltyAmount], [w].[ReviewNote], [w].[ReviewedAtUtc], [w].[ReviewedByEmployeeId], [w].[Status], [w].[WorkUnit], [w].[WorkedMinutes]
      FROM [WorkAttendances] AS [w]
      WHERE [w].[EmployeeId] = @employee_Id AND [w].[Status] = N'Approved' AND DATEPART(month, [w].[Date]) = @8__locals1_month AND DATEPART(year, [w].[Date]) = @8__locals1_year
info: Microsoft.EntityFrameworkCore.Database.Command[20101]
      Executed DbCommand (0ms) [Parameters=[@employee_Id='?' (DbType = Int32), @8__locals1_month='?' (DbType = Int32), @8__locals1_year='?' (DbType = Int32)], CommandType='Text', CommandTimeout='30']
      SELECT COALESCE(SUM([c].[Amount]), 0.0)
      FROM [ClassCoverageBonuses] AS [c]
      WHERE [c].[EmployeeId] = @employee_Id AND [c].[Status] = N'Active' AND DATEPART(month, [c].[Date]) = @8__locals1_month AND DATEPART(year, [c].[Date]) = @8__locals1_year
info: Microsoft.EntityFrameworkCore.Database.Command[20101]
      Executed DbCommand (0ms) [Parameters=[@employee_Id='?' (DbType = Int32), @8__locals1_month='?' (DbType = Int32), @8__locals1_year='?' (DbType = Int32)], CommandType='Text', CommandTimeout='30']
      SELECT [w].[EmployeeId], [w].[Date], [w].[CheckInAtUtc], [w].[CheckOutAtUtc], [w].[IsLate], [w].[Note], [w].[PenaltyAmount], [w].[ReviewNote], [w].[ReviewedAtUtc], [w].[ReviewedByEmployeeId], [w].[Status], [w].[WorkUnit], [w].[WorkedMinutes]
      FROM [WorkAttendances] AS [w]
      WHERE [w].[EmployeeId] = @employee_Id AND [w].[Status] = N'Approved' AND DATEPART(month, [w].[Date]) = @8__locals1_month AND DATEPART(year, [w].[Date]) = @8__locals1_year
info: Microsoft.EntityFrameworkCore.Database.Command[20101]
      Executed DbCommand (0ms) [Parameters=[@employee_Id='?' (DbType = Int32), @8__locals1_month='?' (DbType = Int32), @8__locals1_year='?' (DbType = Int32)], CommandType='Text', CommandTimeout='30']
      SELECT COALESCE(SUM([c].[Amount]), 0.0)
      FROM [ClassCoverageBonuses] AS [c]
      WHERE [c].[EmployeeId] = @employee_Id AND [c].[Status] = N'Active' AND DATEPART(month, [c].[Date]) = @8__locals1_month AND DATEPART(year, [c].[Date]) = @8__locals1_year
info: Microsoft.EntityFrameworkCore.Database.Command[20101]
      Executed DbCommand (0ms) [Parameters=[@employee_Id='?' (DbType = Int32), @8__locals1_month='?' (DbType = Int32), @8__locals1_year='?' (DbType = Int32)], CommandType='Text', CommandTimeout='30']
      SELECT [w].[EmployeeId], [w].[Date], [w].[CheckInAtUtc], [w].[CheckOutAtUtc], [w].[IsLate], [w].[Note], [w].[PenaltyAmount], [w].[ReviewNote], [w].[ReviewedAtUtc], [w].[ReviewedByEmployeeId], [w].[Status], [w].[WorkUnit], [w].[WorkedMinutes]
      FROM [WorkAttendances] AS [w]
      WHERE [w].[EmployeeId] = @employee_Id AND [w].[Status] = N'Approved' AND DATEPART(month, [w].[Date]) = @8__locals1_month AND DATEPART(year, [w].[Date]) = @8__locals1_year
info: Microsoft.EntityFrameworkCore.Database.Command[20101]
      Executed DbCommand (0ms) [Parameters=[@employee_Id='?' (DbType = Int32), @8__locals1_month='?' (DbType = Int32), @8__locals1_year='?' (DbType = Int32)], CommandType='Text', CommandTimeout='30']
      SELECT COALESCE(SUM([c].[Amount]), 0.0)
      FROM [ClassCoverageBonuses] AS [c]
      WHERE [c].[EmployeeId] = @employee_Id AND [c].[Status] = N'Active' AND DATEPART(month, [c].[Date]) = @8__locals1_month AND DATEPART(year, [c].[Date]) = @8__locals1_year
info: Microsoft.EntityFrameworkCore.Database.Command[20101]
      Executed DbCommand (0ms) [Parameters=[@employee_Id='?' (DbType = Int32), @8__locals1_month='?' (DbType = Int32), @8__locals1_year='?' (DbType = Int32)], CommandType='Text', CommandTimeout='30']
      SELECT [w].[EmployeeId], [w].[Date], [w].[CheckInAtUtc], [w].[CheckOutAtUtc], [w].[IsLate], [w].[Note], [w].[PenaltyAmount], [w].[ReviewNote], [w].[ReviewedAtUtc], [w].[ReviewedByEmployeeId], [w].[Status], [w].[WorkUnit], [w].[WorkedMinutes]
      FROM [WorkAttendances] AS [w]
      WHERE [w].[EmployeeId] = @employee_Id AND [w].[Status] = N'Approved' AND DATEPART(month, [w].[Date]) = @8__locals1_month AND DATEPART(year, [w].[Date]) = @8__locals1_year
info: Microsoft.EntityFrameworkCore.Database.Command[20101]
      Executed DbCommand (0ms) [Parameters=[@employee_Id='?' (DbType = Int32), @8__locals1_month='?' (DbType = Int32), @8__locals1_year='?' (DbType = Int32)], CommandType='Text', CommandTimeout='30']
      SELECT COALESCE(SUM([c].[Amount]), 0.0)
      FROM [ClassCoverageBonuses] AS [c]
      WHERE [c].[EmployeeId] = @employee_Id AND [c].[Status] = N'Active' AND DATEPART(month, [c].[Date]) = @8__locals1_month AND DATEPART(year, [c].[Date]) = @8__locals1_year
info: Microsoft.EntityFrameworkCore.Database.Command[20101]
      Executed DbCommand (0ms) [Parameters=[@employee_Id='?' (DbType = Int32), @8__locals1_month='?' (DbType = Int32), @8__locals1_year='?' (DbType = Int32)], CommandType='Text', CommandTimeout='30']
      SELECT [w].[EmployeeId], [w].[Date], [w].[CheckInAtUtc], [w].[CheckOutAtUtc], [w].[IsLate], [w].[Note], [w].[PenaltyAmount], [w].[ReviewNote], [w].[ReviewedAtUtc], [w].[ReviewedByEmployeeId], [w].[Status], [w].[WorkUnit], [w].[WorkedMinutes]
      FROM [WorkAttendances] AS [w]
      WHERE [w].[EmployeeId] = @employee_Id AND [w].[Status] = N'Approved' AND DATEPART(month, [w].[Date]) = @8__locals1_month AND DATEPART(year, [w].[Date]) = @8__locals1_year
info: Microsoft.EntityFrameworkCore.Database.Command[20101]
      Executed DbCommand (0ms) [Parameters=[@employee_Id='?' (DbType = Int32), @8__locals1_month='?' (DbType = Int32), @8__locals1_year='?' (DbType = Int32)], CommandType='Text', CommandTimeout='30']
      SELECT COALESCE(SUM([c].[Amount]), 0.0)
      FROM [ClassCoverageBonuses] AS [c]
      WHERE [c].[EmployeeId] = @employee_Id AND [c].[Status] = N'Active' AND DATEPART(month, [c].[Date]) = @8__locals1_month AND DATEPART(year, [c].[Date]) = @8__locals1_year
info: Microsoft.EntityFrameworkCore.Database.Command[20101]
      Executed DbCommand (0ms) [Parameters=[@employee_Id='?' (DbType = Int32), @8__locals1_month='?' (DbType = Int32), @8__locals1_year='?' (DbType = Int32)], CommandType='Text', CommandTimeout='30']
      SELECT [w].[EmployeeId], [w].[Date], [w].[CheckInAtUtc], [w].[CheckOutAtUtc], [w].[IsLate], [w].[Note], [w].[PenaltyAmount], [w].[ReviewNote], [w].[ReviewedAtUtc], [w].[ReviewedByEmployeeId], [w].[Status], [w].[WorkUnit], [w].[WorkedMinutes]
      FROM [WorkAttendances] AS [w]
      WHERE [w].[EmployeeId] = @employee_Id AND [w].[Status] = N'Approved' AND DATEPART(month, [w].[Date]) = @8__locals1_month AND DATEPART(year, [w].[Date]) = @8__locals1_year
info: Microsoft.EntityFrameworkCore.Database.Command[20101]
      Executed DbCommand (0ms) [Parameters=[@employee_Id='?' (DbType = Int32), @8__locals1_month='?' (DbType = Int32), @8__locals1_year='?' (DbType = Int32)], CommandType='Text', CommandTimeout='30']
      SELECT COALESCE(SUM([c].[Amount]), 0.0)
      FROM [ClassCoverageBonuses] AS [c]
      WHERE [c].[EmployeeId] = @employee_Id AND [c].[Status] = N'Active' AND DATEPART(month, [c].[Date]) = @8__locals1_month AND DATEPART(year, [c].[Date]) = @8__locals1_year
info: Microsoft.EntityFrameworkCore.Database.Command[20101]
      Executed DbCommand (0ms) [Parameters=[@employee_Id='?' (DbType = Int32), @8__locals1_month='?' (DbType = Int32), @8__locals1_year='?' (DbType = Int32)], CommandType='Text', CommandTimeout='30']
      SELECT [w].[EmployeeId], [w].[Date], [w].[CheckInAtUtc], [w].[CheckOutAtUtc], [w].[IsLate], [w].[Note], [w].[PenaltyAmount], [w].[ReviewNote], [w].[ReviewedAtUtc], [w].[ReviewedByEmployeeId], [w].[Status], [w].[WorkUnit], [w].[WorkedMinutes]
      FROM [WorkAttendances] AS [w]
      WHERE [w].[EmployeeId] = @employee_Id AND [w].[Status] = N'Approved' AND DATEPART(month, [w].[Date]) = @8__locals1_month AND DATEPART(year, [w].[Date]) = @8__locals1_year
info: Microsoft.EntityFrameworkCore.Database.Command[20101]
      Executed DbCommand (0ms) [Parameters=[@employee_Id='?' (DbType = Int32), @8__locals1_month='?' (DbType = Int32), @8__locals1_year='?' (DbType = Int32)], CommandType='Text', CommandTimeout='30']
      SELECT COALESCE(SUM([c].[Amount]), 0.0)
      FROM [ClassCoverageBonuses] AS [c]
      WHERE [c].[EmployeeId] = @employee_Id AND [c].[Status] = N'Active' AND DATEPART(month, [c].[Date]) = @8__locals1_month AND DATEPART(year, [c].[Date]) = @8__locals1_year
info: Microsoft.EntityFrameworkCore.Database.Command[20101]
      Executed DbCommand (0ms) [Parameters=[@employee_Id='?' (DbType = Int32), @8__locals1_month='?' (DbType = Int32), @8__locals1_year='?' (DbType = Int32)], CommandType='Text', CommandTimeout='30']
      SELECT [w].[EmployeeId], [w].[Date], [w].[CheckInAtUtc], [w].[CheckOutAtUtc], [w].[IsLate], [w].[Note], [w].[PenaltyAmount], [w].[ReviewNote], [w].[ReviewedAtUtc], [w].[ReviewedByEmployeeId], [w].[Status], [w].[WorkUnit], [w].[WorkedMinutes]
      FROM [WorkAttendances] AS [w]
      WHERE [w].[EmployeeId] = @employee_Id AND [w].[Status] = N'Approved' AND DATEPART(month, [w].[Date]) = @8__locals1_month AND DATEPART(year, [w].[Date]) = @8__locals1_year
info: Microsoft.EntityFrameworkCore.Database.Command[20101]
      Executed DbCommand (0ms) [Parameters=[@employee_Id='?' (DbType = Int32), @8__locals1_month='?' (DbType = Int32), @8__locals1_year='?' (DbType = Int32)], CommandType='Text', CommandTimeout='30']
      SELECT COALESCE(SUM([c].[Amount]), 0.0)
      FROM [ClassCoverageBonuses] AS [c]
      WHERE [c].[EmployeeId] = @employee_Id AND [c].[Status] = N'Active' AND DATEPART(month, [c].[Date]) = @8__locals1_month AND DATEPART(year, [c].[Date]) = @8__locals1_year
info: Microsoft.EntityFrameworkCore.Database.Command[20101]
      Executed DbCommand (0ms) [Parameters=[@employee_Id='?' (DbType = Int32), @8__locals1_month='?' (DbType = Int32), @8__locals1_year='?' (DbType = Int32)], CommandType='Text', CommandTimeout='30']
      SELECT [w].[EmployeeId], [w].[Date], [w].[CheckInAtUtc], [w].[CheckOutAtUtc], [w].[IsLate], [w].[Note], [w].[PenaltyAmount], [w].[ReviewNote], [w].[ReviewedAtUtc], [w].[ReviewedByEmployeeId], [w].[Status], [w].[WorkUnit], [w].[WorkedMinutes]
      FROM [WorkAttendances] AS [w]
      WHERE [w].[EmployeeId] = @employee_Id AND [w].[Status] = N'Approved' AND DATEPART(month, [w].[Date]) = @8__locals1_month AND DATEPART(year, [w].[Date]) = @8__locals1_year
info: Microsoft.EntityFrameworkCore.Database.Command[20101]
      Executed DbCommand (0ms) [Parameters=[@employee_Id='?' (DbType = Int32), @8__locals1_month='?' (DbType = Int32), @8__locals1_year='?' (DbType = Int32)], CommandType='Text', CommandTimeout='30']
      SELECT COALESCE(SUM([c].[Amount]), 0.0)
      FROM [ClassCoverageBonuses] AS [c]
      WHERE [c].[EmployeeId] = @employee_Id AND [c].[Status] = N'Active' AND DATEPART(month, [c].[Date]) = @8__locals1_month AND DATEPART(year, [c].[Date]) = @8__locals1_year
info: datn.Services.PayrollAutoCalculationService[0]
      Successfully updated payroll for 6/2026
